// Jest Snapshot v1, https://goo.gl/fbAQLP

exports[`<NotFound /> renders 1`] = `
<div
  className="NotFound"
>
  <p>
    Oops, Page was not found!
  </p>
</div>
`;
